Performing C SOURCE FILE Test CMAKE_HAVE_LIBC_PTHREAD failed with the following output:
Change Dir: /home/youjeong/Dofbot_manipulation_workspace/dofbot_ws/build/CMakeFiles/CMakeTmp

Run Build Command(s):/usr/bin/make cmTC_cefef/fast && /usr/bin/make -f CMakeFiles/cmTC_cefef.dir/build.make CMakeFiles/cmTC_cefef.dir/build
make[1]: Entering directory '/home/youjeong/Dofbot_manipulation_workspace/dofbot_ws/build/CMakeFiles/CMakeTmp'
Building C object CMakeFiles/cmTC_cefef.dir/src.c.o
/usr/bin/cc   -DCMAKE_HAVE_LIBC_PTHREAD   -o CMakeFiles/cmTC_cefef.dir/src.c.o   -c /home/youjeong/Dofbot_manipulation_workspace/dofbot_ws/build/CMakeFiles/CMakeTmp/src.c
Linking C executable cmTC_cefef
/usr/bin/cmake -E cmake_link_script CMakeFiles/cmTC_cefef.dir/link.txt --verbose=1
/usr/bin/cc  -DCMAKE_HAVE_LIBC_PTHREAD    -rdynamic CMakeFiles/cmTC_cefef.dir/src.c.o  -o cmTC_cefef 
/usr/bin/ld: CMakeFiles/cmTC_cefef.dir/src.c.o: in function `main':
src.c:(.text+0x46): undefined reference to `pthread_create'
/usr/bin/ld: src.c:(.text+0x52): undefined reference to `pthread_detach'
/usr/bin/ld: src.c:(.text+0x63): undefined reference to `pthread_join'
collect2: error: ld returned 1 exit status
make[1]: *** [CMakeFiles/cmTC_cefef.dir/build.make:87: cmTC_cefef] Error 1
make[1]: Leaving directory '/home/youjeong/Dofbot_manipulation_workspace/dofbot_ws/build/CMakeFiles/CMakeTmp'
make: *** [Makefile:121: cmTC_cefef/fast] Error 2


Source file was:
#include <pthread.h>

void* test_func(void* data)
{
  return data;
}

int main(void)
{
  pthread_t thread;
  pthread_create(&thread, NULL, test_func, NULL);
  pthread_detach(thread);
  pthread_join(thread, NULL);
  pthread_atfork(NULL, NULL, NULL);
  pthread_exit(NULL);

  return 0;
}

Determining if the function pthread_create exists in the pthreads failed with the following output:
Change Dir: /home/youjeong/Dofbot_manipulation_workspace/dofbot_ws/build/CMakeFiles/CMakeTmp

Run Build Command(s):/usr/bin/make cmTC_d46d4/fast && /usr/bin/make -f CMakeFiles/cmTC_d46d4.dir/build.make CMakeFiles/cmTC_d46d4.dir/build
make[1]: Entering directory '/home/youjeong/Dofbot_manipulation_workspace/dofbot_ws/build/CMakeFiles/CMakeTmp'
Building C object CMakeFiles/cmTC_d46d4.dir/CheckFunctionExists.c.o
/usr/bin/cc   -DCHECK_FUNCTION_EXISTS=pthread_create   -o CMakeFiles/cmTC_d46d4.dir/CheckFunctionExists.c.o   -c /usr/share/cmake-3.16/Modules/CheckFunctionExists.c
Linking C executable cmTC_d46d4
/usr/bin/cmake -E cmake_link_script CMakeFiles/cmTC_d46d4.dir/link.txt --verbose=1
/usr/bin/cc  -DCHECK_FUNCTION_EXISTS=pthread_create    -rdynamic CMakeFiles/cmTC_d46d4.dir/CheckFunctionExists.c.o  -o cmTC_d46d4  -lpthreads 
/usr/bin/ld: cannot find -lpthreads
collect2: error: ld returned 1 exit status
make[1]: *** [CMakeFiles/cmTC_d46d4.dir/build.make:87: cmTC_d46d4] Error 1
make[1]: Leaving directory '/home/youjeong/Dofbot_manipulation_workspace/dofbot_ws/build/CMakeFiles/CMakeTmp'
make: *** [Makefile:121: cmTC_d46d4/fast] Error 2



Determining if the function sgemm_ exists failed with the following output:
Change Dir: /home/youjeong/Dofbot_manipulation_workspace/dofbot_ws/build/CMakeFiles/CMakeTmp

Run Build Command(s):/usr/bin/make cmTC_fc177/fast && /usr/bin/make -f CMakeFiles/cmTC_fc177.dir/build.make CMakeFiles/cmTC_fc177.dir/build
make[1]: Entering directory '/home/youjeong/Dofbot_manipulation_workspace/dofbot_ws/build/CMakeFiles/CMakeTmp'
Building C object CMakeFiles/cmTC_fc177.dir/CheckFunctionExists.c.o
/usr/bin/cc   -DCHECK_FUNCTION_EXISTS=sgemm_   -o CMakeFiles/cmTC_fc177.dir/CheckFunctionExists.c.o   -c /usr/share/cmake-3.16/Modules/CheckFunctionExists.c
Linking C executable cmTC_fc177
/usr/bin/cmake -E cmake_link_script CMakeFiles/cmTC_fc177.dir/link.txt --verbose=1
/usr/bin/cc  -DCHECK_FUNCTION_EXISTS=sgemm_    CMakeFiles/cmTC_fc177.dir/CheckFunctionExists.c.o  -o cmTC_fc177 
/usr/bin/ld: CMakeFiles/cmTC_fc177.dir/CheckFunctionExists.c.o: in function `main':
CheckFunctionExists.c:(.text+0x14): undefined reference to `sgemm_'
collect2: error: ld returned 1 exit status
make[1]: *** [CMakeFiles/cmTC_fc177.dir/build.make:87: cmTC_fc177] Error 1
make[1]: Leaving directory '/home/youjeong/Dofbot_manipulation_workspace/dofbot_ws/build/CMakeFiles/CMakeTmp'
make: *** [Makefile:121: cmTC_fc177/fast] Error 2



